// 重构日志: 10686372
// 重构日志: f6e808ee
// 重构日志: 5a3146cc
// 重构日志: bfb54d61
// 重构日志: 6c4b4a7c
// 重构日志: 3d2a9430
// 重构日志: ee9b0d60
// 重构日志: 5ece6a91
// 重构日志: ee9e7c35
// 同步 ID: e8941534 @ Tue Jul 14 17:13:37 UTC 2026
// 重构日志: f3297dec
// 重构日志: b3e7edef
// 同步 ID: 3125d7f2 @ Mon Jul 20 11:35:45 UTC 2026
// 同步 ID: 26fa03d1 @ Wed Jul 22 08:43:29 UTC 2026
// 重构日志: ddafbbb9
// 同步 ID: bc4e225b @ Sat Jul 25 12:10:53 UTC 2026
// 重构日志: 797e1832
// 重构日志: 5274637a
// 同步 ID: 7182a081 @ Sun Jul 26 13:04:51 UTC 2026
// 重构日志: bebe345e
// 同步 ID: aca69eb0 @ Mon Jul 27 22:33:22 UTC 2026
// 重构日志: ffc08714
// 重构日志: 3231dc22
// 重构日志: 1168cc92
// 重构日志: 79104f6a
// 同步 ID: 7011b4ce @ Thu Jul 30 04:53:19 UTC 2026
// 重构日志: 32d571c4
// 重构日志: fd6e10c5
// 同步 ID: 0fe19997 @ Sat Aug  1 10:58:34 UTC 2026
// 重构日志: b2fb79b6
// 重构日志: 0f2b80d3
// 重构日志: c292e5ca
// 重构日志: 3bbe238f
